
USER@DESKTOP-SJU90RK MINGW64 ~/code/my-first-repo (main)
$ git add -A

USER@DESKTOP-SJU90RK MINGW64 ~/code/my-first-repo (main)
$ git commit -m "hi"
[main 46ace6f] hi
 1 file changed, 1 insertion(+)

USER@DESKTOP-SJU90RK MINGW64 ~/code/my-first-repo (main)
$ git push origin main
Enumerating objects: 5, done.
Counting objects: 100% (5/5), done.
Writing objects: 100% (3/3), 251 bytes | 62.00 KiB/s, done.
Total 3 (delta 0), reused 0 (delta 0), pack-reused 0 (from 0)
To https://github.com/AqeelMoslem/my-first-repo.git
   53c4398..46ace6f  main -> main

USER@DESKTOP-SJU90RK MINGW64 ~/code/my-first-repo (main)
$ cd ..

USER@DESKTOP-SJU90RK MINGW64 ~/code
$ mkdir labs

USER@DESKTOP-SJU90RK MINGW64 ~/code
$ cd labs

USER@DESKTOP-SJU90RK MINGW64 ~/code/labs
$ mkdir star-wars

USER@DESKTOP-SJU90RK MINGW64 ~/code/labs
$ ls
star-wars/

USER@DESKTOP-SJU90RK MINGW64 ~/code/labs
$ cd star-wars

USER@DESKTOP-SJU90RK MINGW64 ~/code/labs/star-wars
$ touch darth-vader.txt

USER@DESKTOP-SJU90RK MINGW64 ~/code/labs/star-wars
$ princess-leia.txt
bash: princess-leia.txt: command not found

USER@DESKTOP-SJU90RK MINGW64 ~/code/labs/star-wars
$ touch princess-leia.txt

USER@DESKTOP-SJU90RK MINGW64 ~/code/labs/star-wars
$ touch storm-trooper.txt

USER@DESKTOP-SJU90RK MINGW64 ~/code/labs/star-wars
$ mkdir galaxy-far-far-away

USER@DESKTOP-SJU90RK MINGW64 ~/code/labs/star-wars
$ cd galaxy-far-far-away

USER@DESKTOP-SJU90RK MINGW64 ~/code/labs/star-wars/galaxy-far-far-away
$ mkdir tatooine

USER@DESKTOP-SJU90RK MINGW64 ~/code/labs/star-wars/galaxy-far-far-away
$ cd tatooine

USER@DESKTOP-SJU90RK MINGW64 ~/code/labs/star-wars/galaxy-far-far-away/tatooine
$ mkdir millenium-falcon

USER@DESKTOP-SJU90RK MINGW64 ~/code/labs/star-wars/galaxy-far-far-away/tatooine
$ cd millenium-falcon

USER@DESKTOP-SJU90RK MINGW64 ~/code/labs/star-wars/galaxy-far-far-away/tatooine/mille
$ touch han-solo.txt

USER@DESKTOP-SJU90RK MINGW64 ~/code/labs/star-wars/galaxy-far-far-away/tatooine/mille
$ touch chewbacca.txt

USER@DESKTOP-SJU90RK MINGW64 ~/code/labs/star-wars/galaxy-far-far-away/tatooine/mille
$ cd ..

USER@DESKTOP-SJU90RK MINGW64 ~/code/labs/star-wars/galaxy-far-far-away/tatooine
$ touch luke.txt

USER@DESKTOP-SJU90RK MINGW64 ~/code/labs/star-wars/galaxy-far-far-away/tatooine
$ touch ben-kenobi.txt

USER@DESKTOP-SJU90RK MINGW64 ~/code/labs/star-wars/galaxy-far-far-away/tatooine
$ cd ..

USER@DESKTOP-SJU90RK MINGW64 ~/code/labs/star-wars/galaxy-far-far-away
$ cd

USER@DESKTOP-SJU90RK MINGW64 ~
$ cd code

USER@DESKTOP-SJU90RK MINGW64 ~/code
$ cd labs

USER@DESKTOP-SJU90RK MINGW64 ~/code/labs
$ cd star-wars

USER@DESKTOP-SJU90RK MINGW64 ~/code/labs/star-wars
$ mkdir death-star

USER@DESKTOP-SJU90RK MINGW64 ~/code/labs/star-wars
$ cd death-star

USER@DESKTOP-SJU90RK MINGW64 ~/code/labs/star-wars/death-star
$ touch darth-vader.txt

USER@DESKTOP-SJU90RK MINGW64 ~/code/labs/star-wars/death-star
$ touch princess-leia.txt

USER@DESKTOP-SJU90RK MINGW64 ~/code/labs/star-wars/death-star
$ touch storm-trooper.txt

USER@DESKTOP-SJU90RK MINGW64 ~/code/labs/star-wars/death-star
$ cd .. 

USER@DESKTOP-SJU90RK MINGW64 ~/code/labs/star-wars
$ mkdir galaxy-far-far-away

USER@DESKTOP-SJU90RK MINGW64 ~/code/labs/star-wars
$ mkdir tatooine

USER@DESKTOP-SJU90RK MINGW64 ~/code/labs/star-wars
$ rmdir tatooine

USER@DESKTOP-SJU90RK MINGW64 ~/code/labs/star-wars
$ cd galaxy-far-far-away

USER@DESKTOP-SJU90RK MINGW64 ~/code/labs/star-wars/galaxy-far-far-away
$ mkdir tatooine

USER@DESKTOP-SJU90RK MINGW64 ~/code/labs/star-wars/galaxy-far-far-away
$ cd tatooine

USER@DESKTOP-SJU90RK MINGW64 ~/code/labs/star-wars/galaxy-far-far-away/tatooine
$ touch luke.txt

USER@DESKTOP-SJU90RK MINGW64 ~/code/labs/star-wars/galaxy-far-far-away/tatooine
$ touch ben-kenobi.txt

USER@DESKTOP-SJU90RK MINGW64 ~/code/labs/star-wars/galaxy-far-far-away/tatooine
$ mkdir millenium-falcon 

USER@DESKTOP-SJU90RK MINGW64 ~/code/labs/star-wars/galaxy-far-far-away/tatooine
$ cd millenium-falcon

USER@DESKTOP-SJU90RK MINGW64 ~/code/labs/star-wars/galaxy-far-far-away/tatooine/mille
$ touch han-solo.txt

USER@DESKTOP-SJU90RK MINGW64 ~/code/labs/star-wars/galaxy-far-far-away/tatooine/mille
$ touch chewbacca.txt

USER@DESKTOP-SJU90RK MINGW64 ~/code/labs/star-wars/galaxy-far-far-away/tatooine/mille
$ cd ..

USER@DESKTOP-SJU90RK MINGW64 ~/code/labs/star-wars/galaxy-far-far-away/tatooine
$ cd..
bash: cd..: command not found

USER@DESKTOP-SJU90RK MINGW64 ~/code/labs/star-wars/galaxy-far-far-away/tatooine
$ cd ..

USER@DESKTOP-SJU90RK MINGW64 ~/code/labs/star-wars/galaxy-far-far-away
$ cd ..

USER@DESKTOP-SJU90RK MINGW64 ~/code/labs/star-wars
$ cd death-star

USER@DESKTOP-SJU90RK MINGW64 ~/code/labs/star-wars/death-star
$ cp death-star/storm-trooper.txt tatooine
cp: cannot stat 'death-star/storm-trooper.txt': No such file or directory
USER@DESKTOP-SJU90RK MINGW64 ~/code/labs/star-wars/death-star
$ rm tatooine

USER@DESKTOP-SJU90RK MINGW64 ~/code/labs/star-wars/death-star
$ cp storm-trooper.txt ../galaxy-far-far-away/tatooine/

USER@DESKTOP-SJU90RK MINGW64 ~/code/labs/star-wars/death-star
$ cd .

USER@DESKTOP-SJU90RK MINGW64 ~/code/labs/star-wars/death-star
$ cd ..

USER@DESKTOP-SJU90RK MINGW64 ~/code/labs/star-wars
$ cd galaxy-far-far-away

USER@DESKTOP-SJU90RK MINGW64 ~/code/labs/star-wars/galaxy-far-far-away
$ cd tatooine

USER@DESKTOP-SJU90RK MINGW64 ~/code/labs/star-wars/galaxy-far-far-away/tatooine      
$ mv luke.txt /millenium-falcon
mv: cannot move 'luke.txt' to '/millenium-falcon': Permission denied

USER@DESKTOP-SJU90RK MINGW64 ~/code/labs/star-wars/galaxy-far-far-away/tatooine      
$ mv luke.txt ../millenium-falcon

USER@DESKTOP-SJU90RK MINGW64 ~/code/labs/star-wars/galaxy-far-far-away/tatooine      
$ mv luke.txt /millenium-falcon/
mv: cannot stat 'luke.txt': No such file or directory

USER@DESKTOP-SJU90RK MINGW64 ~/code/labs/star-wars/galaxy-far-far-away/tatooine      
$ mv luke.txt ../millenium-falcon/
mv: cannot stat 'luke.txt': No such file or directory

USER@DESKTOP-SJU90RK MINGW64 ~/code/labs/star-wars/galaxy-far-far-away/tatooine      
$ mv luke.txt /new/millenium-falcon/
mv: cannot stat 'luke.txt': No such file or directory

USER@DESKTOP-SJU90RK MINGW64 ~/code/labs/star-wars/galaxy-far-far-away/tatooine      
$ touch luke.txt

USER@DESKTOP-SJU90RK MINGW64 ~/code/labs/star-wars/galaxy-far-far-away/tatooine      
$ mv luke.txt /new/millenium-falcon/
mv: cannot move 'luke.txt' to '/new/millenium-falcon/': No such file or directory

USER@DESKTOP-SJU90RK MINGW64 ~/code/labs/star-wars/galaxy-far-far-away/tatooine      
$ mv luke.txt /millenium-falcon/
mv: cannot move 'luke.txt' to '/millenium-falcon/': No such file or directory

USER@DESKTOP-SJU90RK MINGW64 ~/code/labs/star-wars/galaxy-far-far-away/tatooine      
$ mv luke.txt /millenium-falcon
mv: cannot move 'luke.txt' to '/millenium-falcon': Permission denied

USER@DESKTOP-SJU90RK MINGW64 ~/code/labs/star-wars/galaxy-far-far-away/tatooine      
$ mv luke.txt /new/millenium-falcon/
mv: cannot move 'luke.txt' to '/new/millenium-falcon/': No such file or directory

USER@DESKTOP-SJU90RK MINGW64 ~/code/labs/star-wars/galaxy-far-far-away/tatooine      
$ mv luke.txt  millenium-falcon/

USER@DESKTOP-SJU90RK MINGW64 ~/code/labs/star-wars/galaxy-far-far-away/tatooine      
$ mv ben-kenobi.txt  millenium-falcon/

USER@DESKTOP-SJU90RK MINGW64 ~/code/labs/star-wars/galaxy-far-far-away/tatooine      
$ mv millenium-falcon ..

USER@DESKTOP-SJU90RK MINGW64 ~/code/labs/star-wars/galaxy-far-far-away/tatooine      
$ mv millenium-falcon ../death-star/
mv: cannot stat 'millenium-falcon': No such file or directory

USER@DESKTOP-SJU90RK MINGW64 ~/code/labs/star-wars/galaxy-far-far-away/tatooine      
$ mv millenium-falcon ../death-star
mv: cannot stat 'millenium-falcon': No such file or directory

USER@DESKTOP-SJU90RK MINGW64 ~/code/labs/star-wars/galaxy-far-far-away/tatooine      
$ mv millenium-falcon .. /death-star/
mv: target '/death-star/' is not a directory

USER@DESKTOP-SJU90RK MINGW64 ~/code/labs/star-wars/galaxy-far-far-away/tatooine      
$ cd ..

USER@DESKTOP-SJU90RK MINGW64 ~/code/labs/star-wars/galaxy-far-far-away
$ mv millenium-falcon ../death-star/

USER@DESKTOP-SJU90RK MINGW64 ~/code/labs/star-wars/galaxy-far-far-away
$ cd ..

USER@DESKTOP-SJU90RK MINGW64 ~/code/labs/star-wars
$ cd death-star

USER@DESKTOP-SJU90RK MINGW64 ~/code/labs/star-wars/death-star
$ mv princess-leia.txt millenium-falcon/ 

USER@DESKTOP-SJU90RK MINGW64 ~/code/labs/star-wars/death-star
$ cd millenium-falcon

USER@DESKTOP-SJU90RK MINGW64 ~/code/labs/star-wars/death-star/millenium-falcon       
$ mv ben-kenobi.txt obi-wan.txt

USER@DESKTOP-SJU90RK MINGW64 ~/code/labs/star-wars/death-star/millenium-falcon       
$ rm obi-wan.txt

USER@DESKTOP-SJU90RK MINGW64 ~/code/labs/star-wars/death-star/millenium-falcon       
$ cd ..

USER@DESKTOP-SJU90RK MINGW64 ~/code/labs/star-wars/death-star
$ cd ..

USER@DESKTOP-SJU90RK MINGW64 ~/code/labs/star-wars
$ cd galaxy-far-far-away

USER@DESKTOP-SJU90RK MINGW64 ~/code/labs/star-wars/galaxy-far-far-away
$ mkdir yavin-4

USER@DESKTOP-SJU90RK MINGW64 ~/code/labs/star-wars/galaxy-far-far-away
$ cd ..

USER@DESKTOP-SJU90RK MINGW64 ~/code/labs/star-wars
$ cd death-star

USER@DESKTOP-SJU90RK MINGW64 ~/code/labs/star-wars/death-star
$ mv millenium-falcon ../galaxy-far-far-away/yavin-4/

USER@DESKTOP-SJU90RK MINGW64 ~/code/labs/star-wars/death-star
$ cd ..

USER@DESKTOP-SJU90RK MINGW64 ~/code/labs/star-wars
$ cd galaxy-far-far-away

USER@DESKTOP-SJU90RK MINGW64 ~/code/labs/star-wars/galaxy-far-far-away
$ mv yavin-4 x-wing

USER@DESKTOP-SJU90RK MINGW64 ~/code/labs/star-wars/galaxy-far-far-away
$ mv princess-leia.txt ..
mv: cannot stat 'princess-leia.txt': No such file or directory

USER@DESKTOP-SJU90RK MINGW64 ~/code/labs/star-wars/galaxy-far-far-away
$ cd millenium-falcon
bash: cd: millenium-falcon: No such file or directory

USER@DESKTOP-SJU90RK MINGW64 ~/code/labs/star-wars/galaxy-far-far-away
$ cd x-wing

USER@DESKTOP-SJU90RK MINGW64 ~/code/labs/star-wars/galaxy-far-far-away/x-wing        
$ cd millenium-falcon

USER@DESKTOP-SJU90RK MINGW64 ~/code/labs/star-wars/galaxy-far-far-away/x-wing/millenium-falcon
$ mv princess-leia.txt ..

USER@DESKTOP-SJU90RK MINGW64 ~/code/labs/star-wars/galaxy-far-far-away/x-wing/millenium-falcon
$ cd ..

USER@DESKTOP-SJU90RK MINGW64 ~/code/labs/star-wars/galaxy-far-far-away/x-wing        
$ cd ..

USER@DESKTOP-SJU90RK MINGW64 ~/code/labs/star-wars/galaxy-far-far-away
$ mv x-wing yavin-4

USER@DESKTOP-SJU90RK MINGW64 ~/code/labs/star-wars/galaxy-far-far-away
$ mkdir x-wing

USER@DESKTOP-SJU90RK MINGW64 ~/code/labs/star-wars/galaxy-far-far-away
$ rmdir x-wing

USER@DESKTOP-SJU90RK MINGW64 ~/code/labs/star-wars/galaxy-far-far-away
$ cd yavim-4
bash: cd: yavim-4: No such file or directory

USER@DESKTOP-SJU90RK MINGW64 ~/code/labs/star-wars/galaxy-far-far-away
$ yavin-4
bash: yavin-4: command not found

USER@DESKTOP-SJU90RK MINGW64 ~/code/labs/star-wars/galaxy-far-far-away
$ cd yavin-4

USER@DESKTOP-SJU90RK MINGW64 ~/code/labs/star-wars/galaxy-far-far-away/yavin-4       
$ mkdir x-wing

USER@DESKTOP-SJU90RK MINGW64 ~/code/labs/star-wars/galaxy-far-far-away/yavin-4       
$ cd .. 

USER@DESKTOP-SJU90RK MINGW64 ~/code/labs/star-wars/galaxy-far-far-away
$ cd yavin-4

USER@DESKTOP-SJU90RK MINGW64 ~/code/labs/star-wars/galaxy-far-far-away/yavin-4       
$ cd..
bash: cd..: command not found

USER@DESKTOP-SJU90RK MINGW64 ~/code/labs/star-wars/galaxy-far-far-away/yavin-4       
$ cd ..

USER@DESKTOP-SJU90RK MINGW64 ~/code/labs/star-wars/galaxy-far-far-away
$ cd ..

USER@DESKTOP-SJU90RK MINGW64 ~/code/labs/star-wars
$ cd galaxy-far-far-away/yavin-4

USER@DESKTOP-SJU90RK MINGW64 ~/code/labs/star-wars/galaxy-far-far-away/yavin-4       
$ cd millenium-falcon

USER@DESKTOP-SJU90RK MINGW64 ~/code/labs/star-wars/galaxy-far-far-away/yavin-4/millenium-falcon
$ mv luke.txt ../x-wing/

USER@DESKTOP-SJU90RK MINGW64 ~/code/labs/star-wars/galaxy-far-far-away/yavin-4/millenium-falcon
$ cd ..

USER@DESKTOP-SJU90RK MINGW64 ~/code/labs/star-wars/galaxy-far-far-away/yavin-4       
$ mv millenium-falcon ..

USER@DESKTOP-SJU90RK MINGW64 ~/code/labs/star-wars/galaxy-far-far-away/yavin-4       
$ mv x-wing ..

USER@DESKTOP-SJU90RK MINGW64 ~/code/labs/star-wars/galaxy-far-far-away/yavin-4       
$ cd ..

USER@DESKTOP-SJU90RK MINGW64 ~/code/labs/star-wars/galaxy-far-far-away
$ cd ..

USER@DESKTOP-SJU90RK MINGW64 ~/code/labs/star-wars
$ cd death-star

USER@DESKTOP-SJU90RK MINGW64 ~/code/labs/star-wars/death-star
$ mkdir tie-fighter-1 tie-fighter-2 tie-fighter-3

USER@DESKTOP-SJU90RK MINGW64 ~/code/labs/star-wars/death-star
$ mv darth-vader.txt tie-fighter-1/

USER@DESKTOP-SJU90RK MINGW64 ~/code/labs/star-wars/death-star
$ cp storm-trooper.txt tie-fighter-2 tie-fighter-3
cp: -r not specified; omitting directory 'tie-fighter-2'

USER@DESKTOP-SJU90RK MINGW64 ~/code/labs/star-wars/death-star
$ cp storm-trooper.txt tie-fighter-2 

USER@DESKTOP-SJU90RK MINGW64 ~/code/labs/star-wars/death-star
$ cp storm-trooper.txt tie-fighter-3 

USER@DESKTOP-SJU90RK MINGW64 ~/code/labs/star-wars/death-star
$ mv tie-fighter-1 tie-fighter-2 tie-fighter-3 ../galaxy-far-far-away/

USER@DESKTOP-SJU90RK MINGW64 ~/code/labs/star-wars/death-star
$ cd ..

USER@DESKTOP-SJU90RK MINGW64 ~/code/labs/star-wars
$ cd galaxy-far-far-away

USER@DESKTOP-SJU90RK MINGW64 ~/code/labs/star-wars/galaxy-far-far-away
$ rm tie-fighter-2
rm: cannot remove 'tie-fighter-2': Is a directory

USER@DESKTOP-SJU90RK MINGW64 ~/code/labs/star-wars/galaxy-far-far-away
$ rm -r tie-fighter-2 tie-fighter-3

USER@DESKTOP-SJU90RK MINGW64 ~/code/labs/star-wars/galaxy-far-far-away
$ cd x-wing

USER@DESKTOP-SJU90RK MINGW64 ~/code/labs/star-wars/galaxy-far-far-away/x-wing        
$ touch the-force.txt

USER@DESKTOP-SJU90RK MINGW64 ~/code/labs/star-wars/galaxy-far-far-away/x-wing        
$ cd ..

USER@DESKTOP-SJU90RK MINGW64 ~/code/labs/star-wars/galaxy-far-far-away
$ cd ..

USER@DESKTOP-SJU90RK MINGW64 ~/code/labs/star-wars
$ rm -r death-star

USER@DESKTOP-SJU90RK MINGW64 ~/code/labs/star-wars
$ cd galaxy-far-far-away

USER@DESKTOP-SJU90RK MINGW64 ~/code/labs/star-wars/galaxy-far-far-away
$ mv x-wing yavin-4 

USER@DESKTOP-SJU90RK MINGW64 ~/code/labs/star-wars/galaxy-far-far-away
$ mv millenium-falcon yavin-4

USER@DESKTOP-SJU90RK MINGW64 ~/code/labs/star-wars/galaxy-far-far-away
$ cd

USER@DESKTOP-SJU90RK MINGW64 ~
$ cd code/labs

USER@DESKTOP-SJU90RK MINGW64 ~/code/labs
$ git clone https://github.com/AqeelMoslem/u1-intro-to-cli-lab.git
Cloning into 'u1-intro-to-cli-lab'...
remote: Enumerating objects: 13, done.
remote: Counting objects: 100% (13/13), done.
remote: Compressing objects: 100% (10/10), done.
remote: Total 13 (delta 2), reused 12 (delta 1), pack-reused 0 (from 0)
Receiving objects: 100% (13/13), done.
Resolving deltas: 100% (2/2), done.

USER@DESKTOP-SJU90RK MINGW64 ~/code/labs
$ cd u1-intro-to-cli-lab

USER@DESKTOP-SJU90RK MINGW64 ~/code/labs/u1-intro-to-cli-lab (main)
$ code .

USER@DESKTOP-SJU90RK MINGW64 ~/code/labs/u1-intro-to-cli-lab (main)
$ touch solution1.txt 

USER@DESKTOP-SJU90RK MINGW64 ~/code/labs/u1-intro-to-cli-lab (main)
$ ls
exercise/  README.md  setup/  solution1.txt

USER@DESKTOP-SJU90RK MINGW64 ~/code/labs/u1-intro-to-cli-lab (main)
$ history
    1  git add -A
    2  git commit -m "hi"
    3  git push origin main
    4  cd ..
    5  mkdir labs
    6  cd labs
    7  mkdir star-wars
    8  ls
    9  cd star-wars
   10  touch darth-vader.txt
   11  princess-leia.txt
   12  touch princess-leia.txt
   13  touch storm-trooper.txt
   14  mkdir galaxy-far-far-away
   15  cd galaxy-far-far-away
   16  mkdir tatooine
   17  cd tatooine
   18  mkdir millenium-falcon
   19  cd millenium-falcon
   20  touch han-solo.txt
   21  touch chewbacca.txt
   22  cd ..
   23  touch luke.txt
   24  touch ben-kenobi.txt
   25  cd ..
   26  cd
   27  cd code
   28  cd labs
   29  cd star-wars
   30  mkdir death-star
   31  cd death-star
   32  touch darth-vader.txt
   33  touch princess-leia.txt
   34  touch storm-trooper.txt
   35  cd ..
   36  mkdir galaxy-far-far-away
   37  mkdir tatooine
   38  rmdir tatooine
   39  cd galaxy-far-far-away
   40  mkdir tatooine
   41  cd tatooine
   42  touch luke.txt
   43  touch ben-kenobi.txt
   44  mkdir millenium-falcon
   45  cd millenium-falcon
   46  touch han-solo.txt
   47  touch chewbacca.txt
   48  cd ..
   49  cd..
   50  cd ..
   51  cd ..
   52  cd death-star
   53  cp death-star/storm-trooper.txt tatooine
   54  cp storm-trooper.txt tatooine
   55  rm tatooine
   56  cp storm-trooper.txt ../galaxy-far-far-away/tatooine/
   57  cd .
   58  cd ..
   59  cd galaxy-far-far-away
   60  cd tatooine
   61  mv luke.txt /millenium-falcon
   62  mv luke.txt ../millenium-falcon
   63  mv luke.txt /millenium-falcon/
   64  mv luke.txt ../millenium-falcon/
   65  mv luke.txt /new/millenium-falcon/
   66  touch luke.txt
   67  mv luke.txt /new/millenium-falcon/
   68  mv luke.txt /millenium-falcon/
   69  mv luke.txt /millenium-falcon
   70  mv luke.txt /new/millenium-falcon/
   71  mv luke.txt  millenium-falcon/
   72  mv ben-kenobi.txt  millenium-falcon/
   73  mv millenium-falcon ..
   74  mv millenium-falcon ../death-star/
   75  mv millenium-falcon ../death-star
   76  mv millenium-falcon .. /death-star/
   77  cd ..
   78  mv millenium-falcon ../death-star/
   79  cd ..
   80  cd death-star
   81  mv princess-leia.txt millenium-falcon/
   82  cd millenium-falcon
   83  mv ben-kenobi.txt obi-wan.txt
   84  rm obi-wan.txt
   85  cd ..
   86  cd ..
   87  cd galaxy-far-far-away
   88  mkdir yavin-4
   89  cd ..
   90  cd death-star
   91  mv millenium-falcon ../galaxy-far-far-away/yavin-4/
   92  cd ..
   93  cd galaxy-far-far-away
   94  mv yavin-4 x-wing
   95  mv princess-leia.txt ..
   96  cd millenium-falcon
   97  cd x-wing
   98  cd millenium-falcon
   99  mv princess-leia.txt ..
  100  cd ..
  101  cd ..
  102  mv x-wing yavin-4
  103  mkdir x-wing
  104  rmdir x-wing
  105  cd yavim-4
  106  yavin-4
  107  cd yavin-4
  108  mkdir x-wing
  109  cd ..
  110  cd yavin-4
  111  cd..
  112  cd ..
  113  cd ..
  114  cd galaxy-far-far-away/yavin-4
  115  cd millenium-falcon
  116  mv luke.txt ../x-wing/
  117  cd ..
  118  mv millenium-falcon ..
  119  mv x-wing ..
  120  cd ..
  121  cd ..
  122  cd death-star
  123  mkdir tie-fighter-1 tie-fighter-2 tie-fighter-3
  124  mv darth-vader.txt tie-fighter-1/
  125  cp storm-trooper.txt tie-fighter-2 tie-fighter-3
  126  cp storm-trooper.txt tie-fighter-2
  127  cp storm-trooper.txt tie-fighter-3
  128  mv tie-fighter-1 tie-fighter-2 tie-fighter-3 ../galaxy-far-far-away/
  129  cd ..
  130  cd galaxy-far-far-away
  131  rm tie-fighter-2
  132  rm -r tie-fighter-2 tie-fighter-3
  133  cd x-wing
  134  touch the-force.txt
  135  cd ..
  136  cd ..
  137  rm -r death-star
  138  cd galaxy-far-far-away
  139  mv x-wing yavin-4
  140  mv millenium-falcon yavin-4
  141  cd
  142  cd code/labs
  143  git clone https://github.com/AqeelMoslem/u1-intro-to-cli-lab.git
  144  cd u1-intro-to-cli-lab
  145  code .
  146  touch solution1.txt
  147  ls
  148  history